{smcl}
{com}{sf}{ul off}{txt}{.-}
      name:  {res}<unnamed>
       {txt}log:  {res}/Users/akirasato/Docs/stata_introduction/May7/do_files_etc/stataoutput.smcl
  {txt}log type:  {res}smcl
 {txt}opened on:  {res}10 May 2020, 19:58:49
{txt}
{com}. 
. 
. use http://fmwww.bc.edu/ec-p/data/wooldridge2k/401KSUBS
{err}{p 0 4 2}
file http://fmwww.bc.edu/ec-p/data/wooldridge2k/401KSUBS.dta
not found
{p_end}
{txt}{search r(601), local:r(601);}

end of do-file

{search r(601), local:r(601);}

{com}. do "/var/folders/3n/xs20lgfn0037tdqm3c71s2x40000gn/T//SD35109.000000"
{txt}
{com}. use http://fmwww.bc.edu/ec-p/data/wooldridge/401KSUBS
{err}{p 0 4 2}
file http://fmwww.bc.edu/ec-p/data/wooldridge/401KSUBS.dta
not found
{p_end}
{txt}{search r(601), local:r(601);}

end of do-file

{search r(601), local:r(601);}

{com}. do "/var/folders/3n/xs20lgfn0037tdqm3c71s2x40000gn/T//SD35109.000000"
{txt}
{com}. use http://fmwww.bc.edu/ec-p/data/wooldridge/401ksubs
{txt}
{com}. 
{txt}end of do-file

{com}. do "/var/folders/3n/xs20lgfn0037tdqm3c71s2x40000gn/T//SD35109.000000"
{txt}
{com}. scatter inc age
{res}{txt}
{com}. 
{txt}end of do-file

{com}. do "/var/folders/3n/xs20lgfn0037tdqm3c71s2x40000gn/T//SD35109.000000"
{txt}
{com}. binscatter inc age
{res}{txt}
{com}. 
{txt}end of do-file

{com}. do "/var/folders/3n/xs20lgfn0037tdqm3c71s2x40000gn/T//SD35109.000000"
{txt}
{com}. scatter inc age
{res}{txt}
{com}. graph export bin1.png, replace
{txt}(file /Users/akirasato/Docs/stata_introduction/May7/do_files_etc/bin1.png written in PNG format)

{com}. 
. binscatter inc age
{res}{txt}
{com}. graph export bin2.png, replace
{txt}(file /Users/akirasato/Docs/stata_introduction/May7/do_files_etc/bin2.png written in PNG format)

{com}. 
{txt}end of do-file

{com}. do "/var/folders/3n/xs20lgfn0037tdqm3c71s2x40000gn/T//SD35109.000000"
{txt}
{com}. texdoc init hw4.tex, replace
{txt}(texdoc do not running; nothing to do)

{com}. /*** 
> \documentclass{c -(}article{c )-}
> \usepackage{c -(}graphicx{c )-}
> \usepackage[top=2cm, bottom=2cm, left=2cm, right=2cm]{c -(}geometry{c )-}
> \usepackage{c -(}stata{c )-}
> \begin{c -(}document{c )-}
> 
> \title{c -(}ECON1123 Problem Set 4{c )-}
> \author{c -(}Akira Sato{c )-}
> \date{c -(}\today{c )-}
> \maketitle
> ***/
. clear all
{res}{txt}
{com}. capture log close
{smcl}
{com}{sf}{ul off}